[2026-10-01T06:53:51] restore ibcmd_rs_04_rcheck_dn_syn2_ownnew20261001 from the staged state
ready: ibcmd_rs_04_rcheck_dn_syn2_ownnew20261001 (from F:\ibcmd\lab\04\restructure-check\dn\bak\syn2_staged.bak)
[2026-10-01T06:53:55] drop-in apply (new20261001 build)
exit=0 in 2,5 s
[INFO] Обновление конфигурации базы данных...
[INFO] Создано поколение конфигурации: b7fac571def7e34a9e3fce606c1f247a00000000
[INFO] Обновление конфигурации базы данных успешно завершено
gate: apply-check; synonym_records: 2; timings: {"storage_check_ms":79,"inventory_ms":98,"gate_ms":398,"synonyms_ms":110,"fingerprints_ms":40,"recovery_ms":71,"backup_ms":0,"sql_ms":432,"total_ms":1318}
[2026-10-01T06:53:57] check 4: Config rows
== only in A (0 rows)
== only in B (0 rows)
[2026-10-01T06:53:59] checks 5 and 6
snapshot ibcmd_rs_04_rcheck_dn_syn2_ownnew20261001/after: 2234 tables, Config=9841 ConfigSave=0 Params=38
--- check 5
tables: 1761 / 1761
only in 1: []  only in 2: []
entries that differ (0): []
order of the common entries is the same: True
DBNames text equal: True 347170 347170
--- check 6 (exact text, then order-insensitive)
== ibcmd_rs_04_rcheck_dn_syn2_nat20261001/after  ->  ibcmd_rs_04_rcheck_dn_syn2_ownnew20261001/after
16 of 16 `.si` rows have the same text (compared after inflate)
identical text: 16, same up to order: 0, different: 0
[2026-10-01T06:54:09] check 7: the platform applies on our twin
exit=0 seconds=12.1
[INFO] Обновление конфигурации базы данных не требуется
[2026-10-01T06:55:05] check 8: native exports and source-diff
exit=0 seconds=21.2
exit=0 seconds=26.1
export diff {'left_only': 0, 'right_only': 0, 'different': 0, 'unchanged': 12198}
[2026-10-01T06:58:04] done syn2 new20261001
