[2026-10-01T07:18:16] restore ibcmd_rs_04_rcheck_dn_syn2_ownfinal20261001 from the staged state
ready: ibcmd_rs_04_rcheck_dn_syn2_ownfinal20261001 (from F:\ibcmd\lab\04\restructure-check\dn\bak\syn2_staged.bak)
[2026-10-01T07:18:18] drop-in apply (final20261001 build)
exit=0 in 1,2 s
[INFO] Обновление конфигурации базы данных...
[INFO] Создано поколение конфигурации: b7fac571def7e34a9e3fce606c1f247a00000000
[INFO] Обновление конфигурации базы данных успешно завершено
gate: apply-check; synonym_records: 2; timings: {"storage_check_ms":77,"inventory_ms":87,"gate_ms":306,"synonyms_ms":85,"fingerprints_ms":27,"recovery_ms":60,"backup_ms":0,"sql_ms":415,"total_ms":1142}
[2026-10-01T07:18:19] check 4: Config rows
== only in A (0 rows)
== only in B (0 rows)
[2026-10-01T07:18:20] checks 5 and 6
snapshot ibcmd_rs_04_rcheck_dn_syn2_ownfinal20261001/after: 2234 tables, Config=9841 ConfigSave=0 Params=38
--- check 5
tables: 1761 / 1761
only in 1: []  only in 2: []
entries that differ (0): []
order of the common entries is the same: True
DBNames text equal: True 347170 347170
--- check 6 (exact text, then order-insensitive)
== ibcmd_rs_04_rcheck_dn_syn2_nat20261001/after  ->  ibcmd_rs_04_rcheck_dn_syn2_ownfinal20261001/after
16 of 16 `.si` rows have the same text (compared after inflate)
identical text: 16, same up to order: 0, different: 0
[2026-10-01T07:18:24] done syn2 final20261001
